Category: 🔆央视频道🔆, Name: CCTV-1, Total: 1885, Valid: 1, Valid Percent: 0.05%, Whitelist: 0, IPv4: 1, IPv6: 1884, Min Delay: 247 ms, Max Speed: 0.45 M/s, Avg Speed: 0.45 M/s, Max Resolution: 1920x1080
Category: 🔆央视频道🔆, Name: CCTV-2, Total: 1737, Valid: 2, Valid Percent: 0.12%, Whitelist: 0, IPv4: 2, IPv6: 1735, Min Delay: 252 ms, Max Speed: 0.44 M/s, Avg Speed: 0.42 M/s, Max Resolution: 1920x1080
Category: 🔆央视频道🔆, Name: CCTV-3, Total: 1724, Valid: 0, Valid Percent: 0.00%, Whitelist: 0, IPv4: 0, IPv6: 1724, Min Delay: -1 ms, Max Speed: 0.00 M/s, Avg Speed: 0.00 M/s, Max Resolution: None
Category: 🔆央视频道🔆, Name: CCTV-4, Total: 2078, Valid: 1, Valid Percent: 0.05%, Whitelist: 0, IPv4: 1, IPv6: 2077, Min Delay: 245 ms, Max Speed: 0.45 M/s, Avg Speed: 0.45 M/s, Max Resolution: 1920x1080
Category: 🔆央视频道🔆, Name: CCTV-5, Total: 2868, Valid: 0, Valid Percent: 0.00%, Whitelist: 0, IPv4: 0, IPv6: 2868, Min Delay: -1 ms, Max Speed: 0.00 M/s, Avg Speed: 0.00 M/s, Max Resolution: None
Category: 🔆央视频道🔆, Name: CCTV-5+, Total: 2133, Valid: 0, Valid Percent: 0.00%, Whitelist: 0, IPv4: 0, IPv6: 2133, Min Delay: -1 ms, Max Speed: 0.00 M/s, Avg Speed: 0.00 M/s, Max Resolution: None
Category: 🔆央视频道🔆, Name: CCTV-6, Total: 1749, Valid: 1, Valid Percent: 0.06%, Whitelist: 0, IPv4: 1, IPv6: 1748, Min Delay: 514 ms, Max Speed: 0.83 M/s, Avg Speed: 0.83 M/s, Max Resolution: 1920x1080
Category: 🔆央视频道🔆, Name: CCTV-7, Total: 1792, Valid: 0, Valid Percent: 0.00%, Whitelist: 0, IPv4: 0, IPv6: 1792, Min Delay: -1 ms, Max Speed: 0.00 M/s, Avg Speed: 0.00 M/s, Max Resolution: None
Category: 🔆央视频道🔆, Name: CCTV-8, Total: 1688, Valid: 0, Valid Percent: 0.00%, Whitelist: 0, IPv4: 0, IPv6: 1688, Min Delay: -1 ms, Max Speed: 0.00 M/s, Avg Speed: 0.00 M/s, Max Resolution: None
Category: 🔆央视频道🔆, Name: CCTV-9, Total: 1804, Valid: 1, Valid Percent: 0.06%, Whitelist: 0, IPv4: 1, IPv6: 1803, Min Delay: 814 ms, Max Speed: 0.18 M/s, Avg Speed: 0.18 M/s, Max Resolution: 1920x1080
Category: 🔆央视频道🔆, Name: CCTV-10, Total: 1820, Valid: 1, Valid Percent: 0.05%, Whitelist: 0, IPv4: 1, IPv6: 1819, Min Delay: 819 ms, Max Speed: 0.12 M/s, Avg Speed: 0.12 M/s, Max Resolution: 1920x1080
Category: 🔆央视频道🔆, Name: CCTV-11, Total: 1710, Valid: 0, Valid Percent: 0.00%, Whitelist: 0, IPv4: 0, IPv6: 1710, Min Delay: -1 ms, Max Speed: 0.00 M/s, Avg Speed: 0.00 M/s, Max Resolution: None
Category: 🔆央视频道🔆, Name: CCTV-12, Total: 1732, Valid: 2, Valid Percent: 0.12%, Whitelist: 0, IPv4: 2, IPv6: 1730, Min Delay: 544 ms, Max Speed: 0.79 M/s, Avg Speed: 0.41 M/s, Max Resolution: 1920x1080
Category: 🔆央视频道🔆, Name: CCTV-13, Total: 2883, Valid: 0, Valid Percent: 0.00%, Whitelist: 0, IPv4: 0, IPv6: 2883, Min Delay: -1 ms, Max Speed: 0.00 M/s, Avg Speed: 0.00 M/s, Max Resolution: None
Category: 🔆央视频道🔆, Name: CCTV-14, Total: 1724, Valid: 0, Valid Percent: 0.00%, Whitelist: 0, IPv4: 0, IPv6: 1724, Min Delay: -1 ms, Max Speed: 0.00 M/s, Avg Speed: 0.00 M/s, Max Resolution: None
Category: 🔆央视频道🔆, Name: CCTV-15, Total: 1776, Valid: 0, Valid Percent: 0.00%, Whitelist: 0, IPv4: 0, IPv6: 1776, Min Delay: -1 ms, Max Speed: 0.00 M/s, Avg Speed: 0.00 M/s, Max Resolution: None
Category: 🔆央视频道🔆, Name: CCTV-16, Total: 2110, Valid: 0, Valid Percent: 0.00%, Whitelist: 0, IPv4: 0, IPv6: 2110, Min Delay: -1 ms, Max Speed: 0.00 M/s, Avg Speed: 0.00 M/s, Max Resolution: None
Category: 🔆央视频道🔆, Name: CCTV-17, Total: 1670, Valid: 1, Valid Percent: 0.06%, Whitelist: 0, IPv4: 1, IPv6: 1669, Min Delay: 796 ms, Max Speed: 0.89 M/s, Avg Speed: 0.89 M/s, Max Resolution: 1920x1080
Category: 🔆央视频道🔆, Name: CCTV-4K, Total: 90, Valid: 0, Valid Percent: 0.00%, Whitelist: 0, IPv4: 0, IPv6: 90, Min Delay: -1 ms, Max Speed: 0.00 M/s, Avg Speed: 0.00 M/s, Max Resolution: None
Category: 🔆央视频道🔆, Name: CCTV-8K, Total: 91, Valid: 0, Valid Percent: 0.00%, Whitelist: 0, IPv4: 0, IPv6: 91, Min Delay: -1 ms, Max Speed: 0.00 M/s, Avg Speed: 0.00 M/s, Max Resolution: None
Category: 🔆卫视频道🔆, Name: 北京卫视, Total: 1199, Valid: 2, Valid Percent: 0.17%, Whitelist: 0, IPv4: 2, IPv6: 1197, Min Delay: 17 ms, Max Speed: 5.86 M/s, Avg Speed: 2.96 M/s, Max Resolution: 1920x1080
Category: 🔆卫视频道🔆, Name: 浙江卫视, Total: 906, Valid: 0, Valid Percent: 0.00%, Whitelist: 0, IPv4: 0, IPv6: 906, Min Delay: -1 ms, Max Speed: 0.00 M/s, Avg Speed: 0.00 M/s, Max Resolution: None
Category: 🔆卫视频道🔆, Name: 湖南卫视, Total: 820, Valid: 1, Valid Percent: 0.12%, Whitelist: 0, IPv4: 1, IPv6: 819, Min Delay: 1613 ms, Max Speed: 1.86 M/s, Avg Speed: 1.86 M/s, Max Resolution: 3840x2160
Category: 🔆卫视频道🔆, Name: 江苏卫视, Total: 1424, Valid: 0, Valid Percent: 0.00%, Whitelist: 0, IPv4: 0, IPv6: 1424, Min Delay: -1 ms, Max Speed: 0.00 M/s, Avg Speed: 0.00 M/s, Max Resolution: None
Category: 🔆卫视频道🔆, Name: 东方卫视, Total: 1308, Valid: 0, Valid Percent: 0.00%, Whitelist: 0, IPv4: 0, IPv6: 1308, Min Delay: -1 ms, Max Speed: 0.00 M/s, Avg Speed: 0.00 M/s, Max Resolution: None
Category: 🔆卫视频道🔆, Name: 湖北卫视, Total: 1126, Valid: 0, Valid Percent: 0.00%, Whitelist: 0, IPv4: 0, IPv6: 1126, Min Delay: -1 ms, Max Speed: 0.00 M/s, Avg Speed: 0.00 M/s, Max Resolution: None
Category: 🔆卫视频道🔆, Name: 深圳卫视, Total: 644, Valid: 0, Valid Percent: 0.00%, Whitelist: 0, IPv4: 0, IPv6: 644, Min Delay: -1 ms, Max Speed: 0.00 M/s, Avg Speed: 0.00 M/s, Max Resolution: None
Category: 🔆卫视频道🔆, Name: 安徽卫视, Total: 428, Valid: 0, Valid Percent: 0.00%, Whitelist: 0, IPv4: 0, IPv6: 428, Min Delay: -1 ms, Max Speed: 0.00 M/s, Avg Speed: 0.00 M/s, Max Resolution: None
Category: 🔆卫视频道🔆, Name: 重庆卫视, Total: 761, Valid: 0, Valid Percent: 0.00%, Whitelist: 0, IPv4: 0, IPv6: 761, Min Delay: -1 ms, Max Speed: 0.00 M/s, Avg Speed: 0.00 M/s, Max Resolution: None
Category: 🔆卫视频道🔆, Name: 广东卫视, Total: 1352, Valid: 0, Valid Percent: 0.00%, Whitelist: 0, IPv4: 0, IPv6: 1352, Min Delay: -1 ms, Max Speed: 0.00 M/s, Avg Speed: 0.00 M/s, Max Resolution: None
Category: 🔆卫视频道🔆, Name: 香港卫视, Total: 84, Valid: 0, Valid Percent: 0.00%, Whitelist: 0, IPv4: 0, IPv6: 84, Min Delay: -1 ms, Max Speed: 0.00 M/s, Avg Speed: 0.00 M/s, Max Resolution: None
Category: 🔆卫视频道🔆, Name: 东南卫视, Total: 768, Valid: 0, Valid Percent: 0.00%, Whitelist: 0, IPv4: 0, IPv6: 768, Min Delay: -1 ms, Max Speed: 0.00 M/s, Avg Speed: 0.00 M/s, Max Resolution: None
Category: 🔆卫视频道🔆, Name: 甘肃卫视, Total: 274, Valid: 0, Valid Percent: 0.00%, Whitelist: 0, IPv4: 0, IPv6: 274, Min Delay: -1 ms, Max Speed: 0.00 M/s, Avg Speed: 0.00 M/s, Max Resolution: None
Category: 🔆卫视频道🔆, Name: 广西卫视, Total: 438, Valid: 0, Valid Percent: 0.00%, Whitelist: 0, IPv4: 0, IPv6: 438, Min Delay: -1 ms, Max Speed: 0.00 M/s, Avg Speed: 0.00 M/s, Max Resolution: None
Category: 🔆卫视频道🔆, Name: 贵州卫视, Total: 413, Valid: 0, Valid Percent: 0.00%, Whitelist: 0, IPv4: 0, IPv6: 413, Min Delay: -1 ms, Max Speed: 0.00 M/s, Avg Speed: 0.00 M/s, Max Resolution: None
Category: 🔆卫视频道🔆, Name: 海南卫视, Total: 943, Valid: 0, Valid Percent: 0.00%, Whitelist: 0, IPv4: 0, IPv6: 943, Min Delay: -1 ms, Max Speed: 0.00 M/s, Avg Speed: 0.00 M/s, Max Resolution: None
Category: 🔆卫视频道🔆, Name: 河北卫视, Total: 566, Valid: 0, Valid Percent: 0.00%, Whitelist: 0, IPv4: 0, IPv6: 566, Min Delay: -1 ms, Max Speed: 0.00 M/s, Avg Speed: 0.00 M/s, Max Resolution: None
Category: 🔆卫视频道🔆, Name: 河南卫视, Total: 2011, Valid: 0, Valid Percent: 0.00%, Whitelist: 0, IPv4: 0, IPv6: 2011, Min Delay: -1 ms, Max Speed: 0.00 M/s, Avg Speed: 0.00 M/s, Max Resolution: None
Category: 🔆卫视频道🔆, Name: 吉林卫视, Total: 845, Valid: 0, Valid Percent: 0.00%, Whitelist: 0, IPv4: 0, IPv6: 845, Min Delay: -1 ms, Max Speed: 0.00 M/s, Avg Speed: 0.00 M/s, Max Resolution: None
Category: 🔆卫视频道🔆, Name: 江西卫视, Total: 976, Valid: 0, Valid Percent: 0.00%, Whitelist: 0, IPv4: 0, IPv6: 976, Min Delay: -1 ms, Max Speed: 0.00 M/s, Avg Speed: 0.00 M/s, Max Resolution: None
Category: 🔆卫视频道🔆, Name: 辽宁卫视, Total: 1034, Valid: 0, Valid Percent: 0.00%, Whitelist: 0, IPv4: 0, IPv6: 1034, Min Delay: -1 ms, Max Speed: 0.00 M/s, Avg Speed: 0.00 M/s, Max Resolution: None
Category: 🔆卫视频道🔆, Name: 黑龙江卫视, Total: 464, Valid: 0, Valid Percent: 0.00%, Whitelist: 0, IPv4: 0, IPv6: 464, Min Delay: -1 ms, Max Speed: 0.00 M/s, Avg Speed: 0.00 M/s, Max Resolution: None
Category: 🔆卫视频道🔆, Name: 内蒙古卫视, Total: 349, Valid: 1, Valid Percent: 0.29%, Whitelist: 0, IPv4: 1, IPv6: 348, Min Delay: 17 ms, Max Speed: 5.62 M/s, Avg Speed: 5.62 M/s, Max Resolution: None
Category: 🔆卫视频道🔆, Name: 大湾区卫视, Total: 800, Valid: 0, Valid Percent: 0.00%, Whitelist: 0, IPv4: 0, IPv6: 800, Min Delay: -1 ms, Max Speed: 0.00 M/s, Avg Speed: 0.00 M/s, Max Resolution: None
Category: 🔆卫视频道🔆, Name: 宁夏卫视, Total: 743, Valid: 0, Valid Percent: 0.00%, Whitelist: 0, IPv4: 0, IPv6: 743, Min Delay: -1 ms, Max Speed: 0.00 M/s, Avg Speed: 0.00 M/s, Max Resolution: None
Category: 🔆卫视频道🔆, Name: 青海卫视, Total: 798, Valid: 0, Valid Percent: 0.00%, Whitelist: 0, IPv4: 0, IPv6: 798, Min Delay: -1 ms, Max Speed: 0.00 M/s, Avg Speed: 0.00 M/s, Max Resolution: None
Category: 🔆卫视频道🔆, Name: 山东卫视, Total: 432, Valid: 0, Valid Percent: 0.00%, Whitelist: 0, IPv4: 0, IPv6: 432, Min Delay: -1 ms, Max Speed: 0.00 M/s, Avg Speed: 0.00 M/s, Max Resolution: None
Category: 🔆卫视频道🔆, Name: 山西卫视, Total: 248, Valid: 1, Valid Percent: 0.40%, Whitelist: 0, IPv4: 1, IPv6: 247, Min Delay: 17 ms, Max Speed: 5.42 M/s, Avg Speed: 5.42 M/s, Max Resolution: None
Category: 🔆卫视频道🔆, Name: 陕西卫视, Total: 793, Valid: 0, Valid Percent: 0.00%, Whitelist: 0, IPv4: 0, IPv6: 793, Min Delay: -1 ms, Max Speed: 0.00 M/s, Avg Speed: 0.00 M/s, Max Resolution: None
Category: 🔆卫视频道🔆, Name: 四川卫视, Total: 808, Valid: 0, Valid Percent: 0.00%, Whitelist: 0, IPv4: 0, IPv6: 808, Min Delay: -1 ms, Max Speed: 0.00 M/s, Avg Speed: 0.00 M/s, Max Resolution: None
Category: 🔆卫视频道🔆, Name: 三沙卫视, Total: 608, Valid: 0, Valid Percent: 0.00%, Whitelist: 0, IPv4: 0, IPv6: 608, Min Delay: -1 ms, Max Speed: 0.00 M/s, Avg Speed: 0.00 M/s, Max Resolution: None
Category: 🔆卫视频道🔆, Name: 天津卫视, Total: 475, Valid: 0, Valid Percent: 0.00%, Whitelist: 0, IPv4: 0, IPv6: 475, Min Delay: -1 ms, Max Speed: 0.00 M/s, Avg Speed: 0.00 M/s, Max Resolution: None
Category: 🔆卫视频道🔆, Name: 西藏卫视, Total: 272, Valid: 0, Valid Percent: 0.00%, Whitelist: 0, IPv4: 0, IPv6: 272, Min Delay: -1 ms, Max Speed: 0.00 M/s, Avg Speed: 0.00 M/s, Max Resolution: None
Category: 🔆卫视频道🔆, Name: 新疆卫视, Total: 230, Valid: 0, Valid Percent: 0.00%, Whitelist: 0, IPv4: 0, IPv6: 230, Min Delay: -1 ms, Max Speed: 0.00 M/s, Avg Speed: 0.00 M/s, Max Resolution: None
Category: 🔆卫视频道🔆, Name: 云南卫视, Total: 405, Valid: 0, Valid Percent: 0.00%, Whitelist: 0, IPv4: 0, IPv6: 405, Min Delay: -1 ms, Max Speed: 0.00 M/s, Avg Speed: 0.00 M/s, Max Resolution: None
Category: 🔆卫视频道🔆, Name: 延边卫视, Total: 44, Valid: 0, Valid Percent: 0.00%, Whitelist: 0, IPv4: 0, IPv6: 44, Min Delay: -1 ms, Max Speed: 0.00 M/s, Avg Speed: 0.00 M/s, Max Resolution: None
Category: 🔆超清频道🔆, Name: 北京卫视4K, Total: 1088, Valid: 0, Valid Percent: 0.00%, Whitelist: 0, IPv4: 0, IPv6: 1088, Min Delay: -1 ms, Max Speed: 0.00 M/s, Avg Speed: 0.00 M/s, Max Resolution: None
Category: 🔆超清频道🔆, Name: 浙江卫视4K, Total: 1, Valid: 0, Valid Percent: 0.00%, Whitelist: 0, IPv4: 0, IPv6: 1, Min Delay: -1 ms, Max Speed: 0.00 M/s, Avg Speed: 0.00 M/s, Max Resolution: None
Category: 🔆超清频道🔆, Name: 江苏卫视4K, Total: 3, Valid: 0, Valid Percent: 0.00%, Whitelist: 0, IPv4: 0, IPv6: 3, Min Delay: -1 ms, Max Speed: 0.00 M/s, Avg Speed: 0.00 M/s, Max Resolution: None
Category: 🔆超清频道🔆, Name: 湖南卫视4K, Total: 688, Valid: 0, Valid Percent: 0.00%, Whitelist: 0, IPv4: 0, IPv6: 688, Min Delay: -1 ms, Max Speed: 0.00 M/s, Avg Speed: 0.00 M/s, Max Resolution: None
Category: 🔆超清频道🔆, Name: 东方卫视4K, Total: 3, Valid: 0, Valid Percent: 0.00%, Whitelist: 0, IPv4: 0, IPv6: 3, Min Delay: -1 ms, Max Speed: 0.00 M/s, Avg Speed: 0.00 M/s, Max Resolution: None
Category: 🔆超清频道🔆, Name: 山东卫视4K, Total: 2, Valid: 0, Valid Percent: 0.00%, Whitelist: 0, IPv4: 0, IPv6: 2, Min Delay: -1 ms, Max Speed: 0.00 M/s, Avg Speed: 0.00 M/s, Max Resolution: None
Category: 🔆超清频道🔆, Name: 广东卫视4K, Total: 4, Valid: 0, Valid Percent: 0.00%, Whitelist: 0, IPv4: 0, IPv6: 4, Min Delay: -1 ms, Max Speed: 0.00 M/s, Avg Speed: 0.00 M/s, Max Resolution: None
Category: 🔆超清频道🔆, Name: 深圳卫视4K, Total: 56, Valid: 0, Valid Percent: 0.00%, Whitelist: 0, IPv4: 0, IPv6: 56, Min Delay: -1 ms, Max Speed: 0.00 M/s, Avg Speed: 0.00 M/s, Max Resolution: None
Category: 🔆超清频道🔆, Name: 四川卫视4K, Total: 658, Valid: 0, Valid Percent: 0.00%, Whitelist: 0, IPv4: 0, IPv6: 658, Min Delay: -1 ms, Max Speed: 0.00 M/s, Avg Speed: 0.00 M/s, Max Resolution: None
Category: 🔆超清频道🔆, Name: 北京纪实科教8K, Total: 1, Valid: 0, Valid Percent: 0.00%, Whitelist: 0, IPv4: 0, IPv6: 1, Min Delay: -1 ms, Max Speed: 0.00 M/s, Avg Speed: 0.00 M/s, Max Resolution: None
Category: 🔆超清频道🔆, Name: 广州南国都市, Total: 6, Valid: 0, Valid Percent: 0.00%, Whitelist: 0, IPv4: 0, IPv6: 6, Min Delay: -1 ms, Max Speed: 0.00 M/s, Avg Speed: 0.00 M/s, Max Resolution: None
Category: 🔆超清频道🔆, Name: CCTV-4K, Total: 90, Valid: 0, Valid Percent: 0.00%, Whitelist: 0, IPv4: 0, IPv6: 90, Min Delay: -1 ms, Max Speed: 0.00 M/s, Avg Speed: 0.00 M/s, Max Resolution: None
Category: 🔆超清频道🔆, Name: CCTV-16-4K, Total: 2110, Valid: 0, Valid Percent: 0.00%, Whitelist: 0, IPv4: 0, IPv6: 2110, Min Delay: -1 ms, Max Speed: 0.00 M/s, Avg Speed: 0.00 M/s, Max Resolution: None
Category: 🔆超清频道🔆, Name: CCTV-8K, Total: 91, Valid: 0, Valid Percent: 0.00%, Whitelist: 0, IPv4: 0, IPv6: 91, Min Delay: -1 ms, Max Speed: 0.00 M/s, Avg Speed: 0.00 M/s, Max Resolution: None
Category: 🔆超清频道🔆, Name: 苏州-4K, Total: 1, Valid: 0, Valid Percent: 0.00%, Whitelist: 1, IPv4: 0, IPv6: 0, Min Delay: -1 ms, Max Speed: 0.00 M/s, Avg Speed: 0.00 M/s, Max Resolution: None
Category: 🔆超清频道🔆, Name: 4K测试, Total: 2, Valid: 0, Valid Percent: 0.00%, Whitelist: 1, IPv4: 0, IPv6: 1, Min Delay: -1 ms, Max Speed: 0.00 M/s, Avg Speed: 0.00 M/s, Max Resolution: None
Category: 🔆影视频道🔆, Name: 封神榜, Total: 13, Valid: 0, Valid Percent: 0.00%, Whitelist: 0, IPv4: 0, IPv6: 13, Min Delay: -1 ms, Max Speed: 0.00 M/s, Avg Speed: 0.00 M/s, Max Resolution: None
Category: 🔆影视频道🔆, Name: 西游记, Total: 1, Valid: 0, Valid Percent: 0.00%, Whitelist: 0, IPv4: 1, IPv6: 0, Min Delay: 4384 ms, Max Speed: 0.00 M/s, Avg Speed: 0.00 M/s, Max Resolution: 1920x1080
Category: 🔆影视频道🔆, Name: 天龙八部, Total: 19, Valid: 0, Valid Percent: 0.00%, Whitelist: 0, IPv4: 0, IPv6: 19, Min Delay: -1 ms, Max Speed: 0.00 M/s, Avg Speed: 0.00 M/s, Max Resolution: None
Category: 🔆影视频道🔆, Name: 鹿鼎记, Total: 7, Valid: 0, Valid Percent: 0.00%, Whitelist: 0, IPv4: 0, IPv6: 7, Min Delay: -1 ms, Max Speed: 0.00 M/s, Avg Speed: 0.00 M/s, Max Resolution: None
Category: 🔆影视频道🔆, Name: 寻秦记, Total: 11, Valid: 0, Valid Percent: 0.00%, Whitelist: 0, IPv4: 0, IPv6: 11, Min Delay: -1 ms, Max Speed: 0.00 M/s, Avg Speed: 0.00 M/s, Max Resolution: None
Category: 🔆影视频道🔆, Name: 大唐双龙传, Total: 7, Valid: 0, Valid Percent: 0.00%, Whitelist: 0, IPv4: 0, IPv6: 7, Min Delay: -1 ms, Max Speed: 0.00 M/s, Avg Speed: 0.00 M/s, Max Resolution: None
Category: 🔆影视频道🔆, Name: 神雕侠侣, Total: 15, Valid: 0, Valid Percent: 0.00%, Whitelist: 0, IPv4: 0, IPv6: 15, Min Delay: -1 ms, Max Speed: 0.00 M/s, Avg Speed: 0.00 M/s, Max Resolution: None
Category: 🔆影视频道🔆, Name: 射雕英雄传, Total: 5, Valid: 0, Valid Percent: 0.00%, Whitelist: 0, IPv4: 0, IPv6: 5, Min Delay: -1 ms, Max Speed: 0.00 M/s, Avg Speed: 0.00 M/s, Max Resolution: None
Category: 🔆影视频道🔆, Name: 倚天屠龙记, Total: 17, Valid: 0, Valid Percent: 0.00%, Whitelist: 0, IPv4: 0, IPv6: 17, Min Delay: -1 ms, Max Speed: 0.00 M/s, Avg Speed: 0.00 M/s, Max Resolution: None
Category: 🔆影视频道🔆, Name: 笑傲江湖, Total: 13, Valid: 0, Valid Percent: 0.00%, Whitelist: 0, IPv4: 0, IPv6: 13, Min Delay: -1 ms, Max Speed: 0.00 M/s, Avg Speed: 0.00 M/s, Max Resolution: None
Category: 🔆影视频道🔆, Name: 刑事侦缉档案, Total: 9, Valid: 1, Valid Percent: 11.11%, Whitelist: 0, IPv4: 1, IPv6: 8, Min Delay: 231 ms, Max Speed: 0.42 M/s, Avg Speed: 0.42 M/s, Max Resolution: 1920x1080
Category: 🔆影视频道🔆, Name: 楚汉骄雄, Total: 5, Valid: 0, Valid Percent: 0.00%, Whitelist: 0, IPv4: 0, IPv6: 5, Min Delay: -1 ms, Max Speed: 0.00 M/s, Avg Speed: 0.00 M/s, Max Resolution: None
Category: 🔆影视频道🔆, Name: 法政先锋, Total: 3, Valid: 0, Valid Percent: 0.00%, Whitelist: 0, IPv4: 0, IPv6: 3, Min Delay: -1 ms, Max Speed: 0.00 M/s, Avg Speed: 0.00 M/s, Max Resolution: None
Category: 🔆影视频道🔆, Name: 洗冤录, Total: 4, Valid: 0, Valid Percent: 0.00%, Whitelist: 0, IPv4: 0, IPv6: 4, Min Delay: -1 ms, Max Speed: 0.00 M/s, Avg Speed: 0.00 M/s, Max Resolution: None
Category: 🔆影视频道🔆, Name: 陀枪师姐, Total: 7, Valid: 0, Valid Percent: 0.00%, Whitelist: 0, IPv4: 0, IPv6: 7, Min Delay: -1 ms, Max Speed: 0.00 M/s, Avg Speed: 0.00 M/s, Max Resolution: None
Category: 🔆影视频道🔆, Name: 使徒行者, Total: 3, Valid: 0, Valid Percent: 0.00%, Whitelist: 0, IPv4: 0, IPv6: 3, Min Delay: -1 ms, Max Speed: 0.00 M/s, Avg Speed: 0.00 M/s, Max Resolution: None
Category: 🔆影视频道🔆, Name: 鉴证实录, Total: 3, Valid: 0, Valid Percent: 0.00%, Whitelist: 0, IPv4: 0, IPv6: 3, Min Delay: -1 ms, Max Speed: 0.00 M/s, Avg Speed: 0.00 M/s, Max Resolution: None
Category: 🔆影视频道🔆, Name: 金枝欲孽, Total: 4, Valid: 0, Valid Percent: 0.00%, Whitelist: 0, IPv4: 0, IPv6: 4, Min Delay: -1 ms, Max Speed: 0.00 M/s, Avg Speed: 0.00 M/s, Max Resolution: None
Category: 🔆影视频道🔆, Name: 扫黄先锋, Total: 4, Valid: 0, Valid Percent: 0.00%, Whitelist: 0, IPv4: 0, IPv6: 4, Min Delay: -1 ms, Max Speed: 0.00 M/s, Avg Speed: 0.00 M/s, Max Resolution: None
Category: 🔆影视频道🔆, Name: 创世纪, Total: 3, Valid: 0, Valid Percent: 0.00%, Whitelist: 0, IPv4: 0, IPv6: 3, Min Delay: -1 ms, Max Speed: 0.00 M/s, Avg Speed: 0.00 M/s, Max Resolution: None
Category: 🔆影视频道🔆, Name: 妙手仁心, Total: 4, Valid: 0, Valid Percent: 0.00%, Whitelist: 0, IPv4: 0, IPv6: 4, Min Delay: -1 ms, Max Speed: 0.00 M/s, Avg Speed: 0.00 M/s, Max Resolution: None
Category: 🔆影视频道🔆, Name: 大时代, Total: 4, Valid: 0, Valid Percent: 0.00%, Whitelist: 0, IPv4: 0, IPv6: 4, Min Delay: -1 ms, Max Speed: 0.00 M/s, Avg Speed: 0.00 M/s, Max Resolution: None
Category: 🔆影视频道🔆, Name: 野蛮亲家, Total: 4, Valid: 0, Valid Percent: 0.00%, Whitelist: 0, IPv4: 0, IPv6: 4, Min Delay: -1 ms, Max Speed: 0.00 M/s, Avg Speed: 0.00 M/s, Max Resolution: None
Category: 🔆影视频道🔆, Name: 笑看风云, Total: 4, Valid: 0, Valid Percent: 0.00%, Whitelist: 0, IPv4: 0, IPv6: 4, Min Delay: -1 ms, Max Speed: 0.00 M/s, Avg Speed: 0.00 M/s, Max Resolution: None
Category: 🔆影视频道🔆, Name: 埋堆堆1, Total: 1, Valid: 0, Valid Percent: 0.00%, Whitelist: 0, IPv4: 0, IPv6: 1, Min Delay: -1 ms, Max Speed: 0.00 M/s, Avg Speed: 0.00 M/s, Max Resolution: None
Category: 🔆影视频道🔆, Name: 埋堆堆2, Total: 1, Valid: 0, Valid Percent: 0.00%, Whitelist: 0, IPv4: 0, IPv6: 1, Min Delay: -1 ms, Max Speed: 0.00 M/s, Avg Speed: 0.00 M/s, Max Resolution: None
Category: 🔆影视频道🔆, Name: 埋堆堆3, Total: 1, Valid: 0, Valid Percent: 0.00%, Whitelist: 0, IPv4: 0, IPv6: 1, Min Delay: -1 ms, Max Speed: 0.00 M/s, Avg Speed: 0.00 M/s, Max Resolution: None
Category: 🔆影视频道🔆, Name: 埋堆堆4, Total: 1, Valid: 0, Valid Percent: 0.00%, Whitelist: 0, IPv4: 0, IPv6: 1, Min Delay: -1 ms, Max Speed: 0.00 M/s, Avg Speed: 0.00 M/s, Max Resolution: None
Category: 🔆影视频道🔆, Name: 埋堆堆5, Total: 2, Valid: 0, Valid Percent: 0.00%, Whitelist: 0, IPv4: 0, IPv6: 2, Min Delay: -1 ms, Max Speed: 0.00 M/s, Avg Speed: 0.00 M/s, Max Resolution: None
Category: 🔆影视频道🔆, Name: 埋堆堆6, Total: 1, Valid: 0, Valid Percent: 0.00%, Whitelist: 0, IPv4: 0, IPv6: 1, Min Delay: -1 ms, Max Speed: 0.00 M/s, Avg Speed: 0.00 M/s, Max Resolution: None
Category: 🔆影视频道🔆, Name: 埋堆堆7, Total: 1, Valid: 0, Valid Percent: 0.00%, Whitelist: 0, IPv4: 0, IPv6: 1, Min Delay: -1 ms, Max Speed: 0.00 M/s, Avg Speed: 0.00 M/s, Max Resolution: None
Category: 🔆影视频道🔆, Name: 埋堆堆8, Total: 1, Valid: 0, Valid Percent: 0.00%, Whitelist: 0, IPv4: 0, IPv6: 1, Min Delay: -1 ms, Max Speed: 0.00 M/s, Avg Speed: 0.00 M/s, Max Resolution: None
Category: 🔆影视频道🔆, Name: 埋堆堆9, Total: 1, Valid: 0, Valid Percent: 0.00%, Whitelist: 0, IPv4: 0, IPv6: 1, Min Delay: -1 ms, Max Speed: 0.00 M/s, Avg Speed: 0.00 M/s, Max Resolution: None
Category: 🔆影视频道🔆, Name: 埋堆堆10, Total: 1, Valid: 0, Valid Percent: 0.00%, Whitelist: 0, IPv4: 0, IPv6: 1, Min Delay: -1 ms, Max Speed: 0.00 M/s, Avg Speed: 0.00 M/s, Max Resolution: None
Category: 🔆影视频道🔆, Name: 埋堆堆11, Total: 1, Valid: 0, Valid Percent: 0.00%, Whitelist: 0, IPv4: 0, IPv6: 1, Min Delay: -1 ms, Max Speed: 0.00 M/s, Avg Speed: 0.00 M/s, Max Resolution: None
Category: 🔆影视频道🔆, Name: 埋堆堆12, Total: 1, Valid: 0, Valid Percent: 0.00%, Whitelist: 0, IPv4: 0, IPv6: 1, Min Delay: -1 ms, Max Speed: 0.00 M/s, Avg Speed: 0.00 M/s, Max Resolution: None
Category: 🔆影视频道🔆, Name: 埋堆堆13, Total: 1, Valid: 0, Valid Percent: 0.00%, Whitelist: 0, IPv4: 0, IPv6: 1, Min Delay: -1 ms, Max Speed: 0.00 M/s, Avg Speed: 0.00 M/s, Max Resolution: None
Category: 🔆影视频道🔆, Name: 埋堆堆14, Total: 1, Valid: 0, Valid Percent: 0.00%, Whitelist: 0, IPv4: 0, IPv6: 1, Min Delay: -1 ms, Max Speed: 0.00 M/s, Avg Speed: 0.00 M/s, Max Resolution: None
Category: 🔆影视频道🔆, Name: 埋堆堆15, Total: 1, Valid: 0, Valid Percent: 0.00%, Whitelist: 0, IPv4: 0, IPv6: 1, Min Delay: -1 ms, Max Speed: 0.00 M/s, Avg Speed: 0.00 M/s, Max Resolution: None
Category: 🔆影视频道🔆, Name: 埋堆堆16, Total: 1, Valid: 0, Valid Percent: 0.00%, Whitelist: 0, IPv4: 0, IPv6: 1, Min Delay: -1 ms, Max Speed: 0.00 M/s, Avg Speed: 0.00 M/s, Max Resolution: None
Category: 🔆影视频道🔆, Name: 埋堆堆17, Total: 1, Valid: 0, Valid Percent: 0.00%, Whitelist: 0, IPv4: 0, IPv6: 1, Min Delay: -1 ms, Max Speed: 0.00 M/s, Avg Speed: 0.00 M/s, Max Resolution: None
Category: 🔆影视频道🔆, Name: 埋堆堆18, Total: 1, Valid: 0, Valid Percent: 0.00%, Whitelist: 0, IPv4: 0, IPv6: 1, Min Delay: -1 ms, Max Speed: 0.00 M/s, Avg Speed: 0.00 M/s, Max Resolution: None
Category: 🔆影视频道🔆, Name: 埋堆堆19, Total: 1, Valid: 0, Valid Percent: 0.00%, Whitelist: 0, IPv4: 0, IPv6: 1, Min Delay: -1 ms, Max Speed: 0.00 M/s, Avg Speed: 0.00 M/s, Max Resolution: None
Category: 🔆影视频道🔆, Name: 埋堆堆20, Total: 1, Valid: 0, Valid Percent: 0.00%, Whitelist: 0, IPv4: 0, IPv6: 1, Min Delay: -1 ms, Max Speed: 0.00 M/s, Avg Speed: 0.00 M/s, Max Resolution: None
Category: 🔆影视频道🔆, Name: 埋堆堆21, Total: 1, Valid: 0, Valid Percent: 0.00%, Whitelist: 0, IPv4: 0, IPv6: 1, Min Delay: -1 ms, Max Speed: 0.00 M/s, Avg Speed: 0.00 M/s, Max Resolution: None
Category: 🔆影视频道🔆, Name: 埋堆堆22, Total: 1, Valid: 0, Valid Percent: 0.00%, Whitelist: 0, IPv4: 0, IPv6: 1, Min Delay: -1 ms, Max Speed: 0.00 M/s, Avg Speed: 0.00 M/s, Max Resolution: None
Category: 🔆影视频道🔆, Name: 埋堆堆23, Total: 1, Valid: 0, Valid Percent: 0.00%, Whitelist: 0, IPv4: 0, IPv6: 1, Min Delay: -1 ms, Max Speed: 0.00 M/s, Avg Speed: 0.00 M/s, Max Resolution: None
Category: 🔆影视频道🔆, Name: 埋堆堆24, Total: 1, Valid: 0, Valid Percent: 0.00%, Whitelist: 0, IPv4: 0, IPv6: 1, Min Delay: -1 ms, Max Speed: 0.00 M/s, Avg Speed: 0.00 M/s, Max Resolution: None
Category: 🔆影视频道🔆, Name: 埋堆堆25, Total: 1, Valid: 0, Valid Percent: 0.00%, Whitelist: 0, IPv4: 0, IPv6: 1, Min Delay: -1 ms, Max Speed: 0.00 M/s, Avg Speed: 0.00 M/s, Max Resolution: None
Category: 🔆影视频道🔆, Name: 埋堆堆26, Total: 1, Valid: 0, Valid Percent: 0.00%, Whitelist: 0, IPv4: 0, IPv6: 1, Min Delay: -1 ms, Max Speed: 0.00 M/s, Avg Speed: 0.00 M/s, Max Resolution: None
Category: 🔆高清频道🔆, Name: CCTV央视台球, Total: 51, Valid: 1, Valid Percent: 1.96%, Whitelist: 0, IPv4: 1, IPv6: 50, Min Delay: 526 ms, Max Speed: 0.28 M/s, Avg Speed: 0.28 M/s, Max Resolution: 1920x1080
Category: 🔆高清频道🔆, Name: CCTV高尔夫网球, Total: 23, Valid: 0, Valid Percent: 0.00%, Whitelist: 0, IPv4: 0, IPv6: 23, Min Delay: -1 ms, Max Speed: 0.00 M/s, Avg Speed: 0.00 M/s, Max Resolution: None
Category: 🔆高清频道🔆, Name: CCTV电视指南, Total: 3, Valid: 0, Valid Percent: 0.00%, Whitelist: 0, IPv4: 0, IPv6: 3, Min Delay: -1 ms, Max Speed: 0.00 M/s, Avg Speed: 0.00 M/s, Max Resolution: None
Category: 🔆高清频道🔆, Name: CCTV第一剧场, Total: 85, Valid: 0, Valid Percent: 0.00%, Whitelist: 0, IPv4: 0, IPv6: 85, Min Delay: -1 ms, Max Speed: 0.00 M/s, Avg Speed: 0.00 M/s, Max Resolution: None
Category: 🔆高清频道🔆, Name: CCTV风云剧场, Total: 55, Valid: 0, Valid Percent: 0.00%, Whitelist: 0, IPv4: 0, IPv6: 55, Min Delay: -1 ms, Max Speed: 0.00 M/s, Avg Speed: 0.00 M/s, Max Resolution: None
Category: 🔆高清频道🔆, Name: CCTV怀旧剧场, Total: 55, Valid: 0, Valid Percent: 0.00%, Whitelist: 0, IPv4: 0, IPv6: 55, Min Delay: -1 ms, Max Speed: 0.00 M/s, Avg Speed: 0.00 M/s, Max Resolution: None
Category: 🔆高清频道🔆, Name: CCTV风云足球, Total: 70, Valid: 1, Valid Percent: 1.43%, Whitelist: 0, IPv4: 1, IPv6: 69, Min Delay: 998 ms, Max Speed: 0.28 M/s, Avg Speed: 0.28 M/s, Max Resolution: 1920x1080
Category: 🔆高清频道🔆, Name: CCTV兵器科技, Total: 53, Valid: 0, Valid Percent: 0.00%, Whitelist: 0, IPv4: 0, IPv6: 53, Min Delay: -1 ms, Max Speed: 0.00 M/s, Avg Speed: 0.00 M/s, Max Resolution: None
Category: 🔆高清频道🔆, Name: CCTV世界地理, Total: 57, Valid: 1, Valid Percent: 1.75%, Whitelist: 0, IPv4: 1, IPv6: 56, Min Delay: 835 ms, Max Speed: 0.19 M/s, Avg Speed: 0.19 M/s, Max Resolution: 1920x1080
Category: 🔆高清频道🔆, Name: CCTV女性时尚, Total: 52, Valid: 0, Valid Percent: 0.00%, Whitelist: 0, IPv4: 0, IPv6: 52, Min Delay: -1 ms, Max Speed: 0.00 M/s, Avg Speed: 0.00 M/s, Max Resolution: None
Category: 🔆高清频道🔆, Name: CCTV风云音乐, Total: 60, Valid: 0, Valid Percent: 0.00%, Whitelist: 0, IPv4: 0, IPv6: 60, Min Delay: -1 ms, Max Speed: 0.00 M/s, Avg Speed: 0.00 M/s, Max Resolution: None
Category: 🔆高清频道🔆, Name: 央视台球, Total: 50, Valid: 0, Valid Percent: 0.00%, Whitelist: 0, IPv4: 0, IPv6: 50, Min Delay: -1 ms, Max Speed: 0.00 M/s, Avg Speed: 0.00 M/s, Max Resolution: None
Category: 🔆高清频道🔆, Name: 电视指南, Total: 17, Valid: 0, Valid Percent: 0.00%, Whitelist: 0, IPv4: 0, IPv6: 17, Min Delay: -1 ms, Max Speed: 0.00 M/s, Avg Speed: 0.00 M/s, Max Resolution: None
Category: 🔆高清频道🔆, Name: 风云足球, Total: 69, Valid: 0, Valid Percent: 0.00%, Whitelist: 0, IPv4: 0, IPv6: 69, Min Delay: -1 ms, Max Speed: 0.00 M/s, Avg Speed: 0.00 M/s, Max Resolution: None
Category: 🔆高清频道🔆, Name: 女性时尚, Total: 52, Valid: 0, Valid Percent: 0.00%, Whitelist: 0, IPv4: 0, IPv6: 52, Min Delay: -1 ms, Max Speed: 0.00 M/s, Avg Speed: 0.00 M/s, Max Resolution: None
Category: 🔆高清频道🔆, Name: 卫生健康, Total: 3, Valid: 0, Valid Percent: 0.00%, Whitelist: 0, IPv4: 0, IPv6: 3, Min Delay: -1 ms, Max Speed: 0.00 M/s, Avg Speed: 0.00 M/s, Max Resolution: None
Category: 🔆高清频道🔆, Name: 第一剧场, Total: 85, Valid: 0, Valid Percent: 0.00%, Whitelist: 0, IPv4: 0, IPv6: 85, Min Delay: -1 ms, Max Speed: 0.00 M/s, Avg Speed: 0.00 M/s, Max Resolution: None
Category: 🔆高清频道🔆, Name: 风云剧场, Total: 55, Valid: 0, Valid Percent: 0.00%, Whitelist: 0, IPv4: 0, IPv6: 55, Min Delay: -1 ms, Max Speed: 0.00 M/s, Avg Speed: 0.00 M/s, Max Resolution: None
Category: 🔆高清频道🔆, Name: 风云音乐, Total: 60, Valid: 0, Valid Percent: 0.00%, Whitelist: 0, IPv4: 0, IPv6: 60, Min Delay: -1 ms, Max Speed: 0.00 M/s, Avg Speed: 0.00 M/s, Max Resolution: None
Category: 🔆高清频道🔆, Name: 怀旧剧场, Total: 55, Valid: 0, Valid Percent: 0.00%, Whitelist: 0, IPv4: 0, IPv6: 55, Min Delay: -1 ms, Max Speed: 0.00 M/s, Avg Speed: 0.00 M/s, Max Resolution: None
Category: 🔆高清频道🔆, Name: 高尔夫网球, Total: 23, Valid: 0, Valid Percent: 0.00%, Whitelist: 0, IPv4: 0, IPv6: 23, Min Delay: -1 ms, Max Speed: 0.00 M/s, Avg Speed: 0.00 M/s, Max Resolution: None
Category: 🔆高清频道🔆, Name: 世界地理, Total: 56, Valid: 0, Valid Percent: 0.00%, Whitelist: 0, IPv4: 0, IPv6: 56, Min Delay: -1 ms, Max Speed: 0.00 M/s, Avg Speed: 0.00 M/s, Max Resolution: None
Category: 🔆高清频道🔆, Name: 兵器科技, Total: 53, Valid: 0, Valid Percent: 0.00%, Whitelist: 0, IPv4: 0, IPv6: 53, Min Delay: -1 ms, Max Speed: 0.00 M/s, Avg Speed: 0.00 M/s, Max Resolution: None
Category: 🔆高清频道🔆, Name: 老故事, Total: 2066, Valid: 2, Valid Percent: 0.10%, Whitelist: 0, IPv4: 2, IPv6: 2064, Min Delay: 511 ms, Max Speed: 0.83 M/s, Avg Speed: 0.52 M/s, Max Resolution: 1920x1080
Category: 🔆高清频道🔆, Name: 发现之旅, Total: 624, Valid: 0, Valid Percent: 0.00%, Whitelist: 0, IPv4: 0, IPv6: 624, Min Delay: -1 ms, Max Speed: 0.00 M/s, Avg Speed: 0.00 M/s, Max Resolution: None
Category: 🔆高清频道🔆, Name: 中学生, Total: 510, Valid: 0, Valid Percent: 0.00%, Whitelist: 0, IPv4: 0, IPv6: 510, Min Delay: -1 ms, Max Speed: 0.00 M/s, Avg Speed: 0.00 M/s, Max Resolution: None
Category: 🔆高清频道🔆, Name: 求索频道, Total: 1, Valid: 0, Valid Percent: 0.00%, Whitelist: 0, IPv4: 1, IPv6: 0, Min Delay: 519 ms, Max Speed: 0.00 M/s, Avg Speed: 0.00 M/s, Max Resolution: None
Category: 🔆高清频道🔆, Name: 都市剧场, Total: 153, Valid: 0, Valid Percent: 0.00%, Whitelist: 0, IPv4: 0, IPv6: 153, Min Delay: -1 ms, Max Speed: 0.00 M/s, Avg Speed: 0.00 M/s, Max Resolution: None
Category: 🔆高清频道🔆, Name: 游戏风云, Total: 102, Valid: 0, Valid Percent: 0.00%, Whitelist: 0, IPv4: 0, IPv6: 102, Min Delay: -1 ms, Max Speed: 0.00 M/s, Avg Speed: 0.00 M/s, Max Resolution: None
Category: 🔆高清频道🔆, Name: 生活时尚, Total: 208, Valid: 0, Valid Percent: 0.00%, Whitelist: 0, IPv4: 0, IPv6: 208, Min Delay: -1 ms, Max Speed: 0.00 M/s, Avg Speed: 0.00 M/s, Max Resolution: None
Category: 🔆高清频道🔆, Name: 新视觉, Total: 64, Valid: 0, Valid Percent: 0.00%, Whitelist: 0, IPv4: 0, IPv6: 64, Min Delay: -1 ms, Max Speed: 0.00 M/s, Avg Speed: 0.00 M/s, Max Resolution: None
Category: 🔆高清频道🔆, Name: 欢笑剧场, Total: 56, Valid: 0, Valid Percent: 0.00%, Whitelist: 0, IPv4: 0, IPv6: 56, Min Delay: -1 ms, Max Speed: 0.00 M/s, Avg Speed: 0.00 M/s, Max Resolution: None
Category: 🔆高清频道🔆, Name: 茶频道, Total: 50, Valid: 5, Valid Percent: 10.00%, Whitelist: 0, IPv4: 5, IPv6: 45, Min Delay: 489 ms, Max Speed: 0.93 M/s, Avg Speed: 0.37 M/s, Max Resolution: 1920x1080
Category: 🔆高清频道🔆, Name: 快乐垂钓, Total: 521, Valid: 6, Valid Percent: 1.15%, Whitelist: 0, IPv4: 7, IPv6: 514, Min Delay: 494 ms, Max Speed: 0.92 M/s, Avg Speed: 0.64 M/s, Max Resolution: 1920x1080
Category: 🔆高清频道🔆, Name: 法制天地, Total: 3, Valid: 0, Valid Percent: 0.00%, Whitelist: 0, IPv4: 0, IPv6: 3, Min Delay: -1 ms, Max Speed: 0.00 M/s, Avg Speed: 0.00 M/s, Max Resolution: None
Category: 🔆高清频道🔆, Name: 动漫秀场, Total: 205, Valid: 0, Valid Percent: 0.00%, Whitelist: 0, IPv4: 0, IPv6: 205, Min Delay: -1 ms, Max Speed: 0.00 M/s, Avg Speed: 0.00 M/s, Max Resolution: None
Category: 🔆高清频道🔆, Name: 乐游, Total: 83, Valid: 0, Valid Percent: 0.00%, Whitelist: 0, IPv4: 0, IPv6: 83, Min Delay: -1 ms, Max Speed: 0.00 M/s, Avg Speed: 0.00 M/s, Max Resolution: None
